
Merging program properties


As-needed library included to satisfy reference by file (symbol)

libc.so.6                     /tmp/cczjkod5.o (malloc@@GLIBC_2.2.5)

Discarded input sections

 .note.GNU-stack
                0x0000000000000000        0x0 /usr/lib/gcc/x86_64-linux-gnu/11/../../../x86_64-linux-gnu/Scrt1.o
 .note.gnu.property
                0x0000000000000000       0x20 /usr/lib/gcc/x86_64-linux-gnu/11/../../../x86_64-linux-gnu/crti.o
 .note.GNU-stack
                0x0000000000000000        0x0 /usr/lib/gcc/x86_64-linux-gnu/11/../../../x86_64-linux-gnu/crti.o
 .note.GNU-stack
                0x0000000000000000        0x0 /usr/lib/gcc/x86_64-linux-gnu/11/crtbeginS.o
 .note.gnu.property
                0x0000000000000000       0x20 /usr/lib/gcc/x86_64-linux-gnu/11/crtbeginS.o
 .note.GNU-stack
                0x0000000000000000        0x0 /tmp/ccWDIxYj.o
 .note.gnu.property
                0x0000000000000000       0x20 /tmp/ccWDIxYj.o
 .note.GNU-stack
                0x0000000000000000        0x0 /tmp/cczjkod5.o
 .note.gnu.property
                0x0000000000000000       0x20 /tmp/cczjkod5.o
 .note.GNU-stack
                0x0000000000000000        0x0 /tmp/ccr7v4Q5.o
 .note.gnu.property
                0x0000000000000000       0x20 /tmp/ccr7v4Q5.o
 .note.GNU-stack
                0x0000000000000000        0x0 /tmp/ccWsSeGg.o
 .note.gnu.property
                0x0000000000000000       0x20 /tmp/ccWsSeGg.o
 .note.GNU-stack
                0x0000000000000000        0x0 /tmp/ccQ0qmKd.o
 .note.gnu.property
                0x0000000000000000       0x20 /tmp/ccQ0qmKd.o
 .note.GNU-stack
                0x0000000000000000        0x0 /usr/lib/gcc/x86_64-linux-gnu/11/crtendS.o
 .note.gnu.property
                0x0000000000000000       0x20 /usr/lib/gcc/x86_64-linux-gnu/11/crtendS.o
 .note.gnu.property
                0x0000000000000000       0x20 /usr/lib/gcc/x86_64-linux-gnu/11/../../../x86_64-linux-gnu/crtn.o
 .note.GNU-stack
                0x0000000000000000        0x0 /usr/lib/gcc/x86_64-linux-gnu/11/../../../x86_64-linux-gnu/crtn.o

Memory Configuration

Name             Origin             Length             Attributes
*default*        0x0000000000000000 0xffffffffffffffff

Linker script and memory map

LOAD /usr/lib/gcc/x86_64-linux-gnu/11/../../../x86_64-linux-gnu/Scrt1.o
LOAD /usr/lib/gcc/x86_64-linux-gnu/11/../../../x86_64-linux-gnu/crti.o
LOAD /usr/lib/gcc/x86_64-linux-gnu/11/crtbeginS.o
LOAD /tmp/ccWDIxYj.o
LOAD /tmp/cczjkod5.o
LOAD /tmp/ccr7v4Q5.o
LOAD /tmp/ccWsSeGg.o
LOAD /tmp/ccQ0qmKd.o
LOAD /usr/lib/gcc/x86_64-linux-gnu/11/../../../x86_64-linux-gnu/libm.so
START GROUP
LOAD /lib/x86_64-linux-gnu/libm.so.6
LOAD /lib/x86_64-linux-gnu/libmvec.so.1
END GROUP
LOAD /usr/lib/gcc/x86_64-linux-gnu/11/libgcc.a
LOAD /usr/lib/gcc/x86_64-linux-gnu/11/libgcc_s.so
START GROUP
LOAD /usr/lib/gcc/x86_64-linux-gnu/11/../../../x86_64-linux-gnu/libgcc_s.so.1
LOAD /usr/lib/gcc/x86_64-linux-gnu/11/libgcc.a
END GROUP
LOAD /usr/lib/gcc/x86_64-linux-gnu/11/../../../x86_64-linux-gnu/libc.so
START GROUP
LOAD /lib/x86_64-linux-gnu/libc.so.6
LOAD /usr/lib/x86_64-linux-gnu/libc_nonshared.a
LOAD /lib64/ld-linux-x86-64.so.2
END GROUP
LOAD /usr/lib/gcc/x86_64-linux-gnu/11/libgcc.a
LOAD /usr/lib/gcc/x86_64-linux-gnu/11/libgcc_s.so
START GROUP
LOAD /usr/lib/gcc/x86_64-linux-gnu/11/../../../x86_64-linux-gnu/libgcc_s.so.1
LOAD /usr/lib/gcc/x86_64-linux-gnu/11/libgcc.a
END GROUP
LOAD /usr/lib/gcc/x86_64-linux-gnu/11/crtendS.o
LOAD /usr/lib/gcc/x86_64-linux-gnu/11/../../../x86_64-linux-gnu/crtn.o
                [!provide]                        PROVIDE (__executable_start = SEGMENT_START ("text-segment", 0x0))
                0x0000000000000318                . = (SEGMENT_START ("text-segment", 0x0) + SIZEOF_HEADERS)

.interp         0x0000000000000318       0x1c
 *(.interp)
 .interp        0x0000000000000318       0x1c /usr/lib/gcc/x86_64-linux-gnu/11/../../../x86_64-linux-gnu/Scrt1.o

.note.gnu.property
                0x0000000000000338       0x30
 .note.gnu.property
                0x0000000000000338       0x30 /usr/lib/gcc/x86_64-linux-gnu/11/../../../x86_64-linux-gnu/Scrt1.o

.note.gnu.build-id
                0x0000000000000368       0x24
 *(.note.gnu.build-id)
 .note.gnu.build-id
                0x0000000000000368       0x24 /usr/lib/gcc/x86_64-linux-gnu/11/../../../x86_64-linux-gnu/Scrt1.o

.note.ABI-tag   0x000000000000038c       0x20
 .note.ABI-tag  0x000000000000038c       0x20 /usr/lib/gcc/x86_64-linux-gnu/11/../../../x86_64-linux-gnu/Scrt1.o

.hash
 *(.hash)

.gnu.hash       0x00000000000003b0       0x24
 *(.gnu.hash)
 .gnu.hash      0x00000000000003b0       0x24 /usr/lib/gcc/x86_64-linux-gnu/11/../../../x86_64-linux-gnu/Scrt1.o

.dynsym         0x00000000000003d8      0x108
 *(.dynsym)
 .dynsym        0x00000000000003d8      0x108 /usr/lib/gcc/x86_64-linux-gnu/11/../../../x86_64-linux-gnu/Scrt1.o

.dynstr         0x00000000000004e0       0xbb
 *(.dynstr)
 .dynstr        0x00000000000004e0       0xbb /usr/lib/gcc/x86_64-linux-gnu/11/../../../x86_64-linux-gnu/Scrt1.o

.gnu.version    0x000000000000059c       0x16
 *(.gnu.version)
 .gnu.version   0x000000000000059c       0x16 /usr/lib/gcc/x86_64-linux-gnu/11/../../../x86_64-linux-gnu/Scrt1.o

.gnu.version_d  0x00000000000005b8        0x0
 *(.gnu.version_d)
 .gnu.version_d
                0x00000000000005b8        0x0 /usr/lib/gcc/x86_64-linux-gnu/11/../../../x86_64-linux-gnu/Scrt1.o

.gnu.version_r  0x00000000000005b8       0x40
 *(.gnu.version_r)
 .gnu.version_r
                0x00000000000005b8       0x40 /usr/lib/gcc/x86_64-linux-gnu/11/../../../x86_64-linux-gnu/Scrt1.o

.rela.dyn       0x00000000000005f8       0xc0
 *(.rela.init)
 *(.rela.text .rela.text.* .rela.gnu.linkonce.t.*)
 *(.rela.fini)
 *(.rela.rodata .rela.rodata.* .rela.gnu.linkonce.r.*)
 *(.rela.data .rela.data.* .rela.gnu.linkonce.d.*)
 .rela.data.rel.ro
                0x00000000000005f8        0x0 /usr/lib/gcc/x86_64-linux-gnu/11/../../../x86_64-linux-gnu/Scrt1.o
 .rela.data.rel.local
                0x00000000000005f8       0x18 /usr/lib/gcc/x86_64-linux-gnu/11/../../../x86_64-linux-gnu/Scrt1.o
 *(.rela.tdata .rela.tdata.* .rela.gnu.linkonce.td.*)
 *(.rela.tbss .rela.tbss.* .rela.gnu.linkonce.tb.*)
 *(.rela.ctors)
 *(.rela.dtors)
 *(.rela.got)
 .rela.got      0x0000000000000610       0x78 /usr/lib/gcc/x86_64-linux-gnu/11/../../../x86_64-linux-gnu/Scrt1.o
 *(.rela.bss .rela.bss.* .rela.gnu.linkonce.b.*)
 .rela.bss      0x0000000000000688        0x0 /usr/lib/gcc/x86_64-linux-gnu/11/../../../x86_64-linux-gnu/Scrt1.o
 *(.rela.ldata .rela.ldata.* .rela.gnu.linkonce.l.*)
 *(.rela.lbss .rela.lbss.* .rela.gnu.linkonce.lb.*)
 *(.rela.lrodata .rela.lrodata.* .rela.gnu.linkonce.lr.*)
 *(.rela.ifunc)
 .rela.ifunc    0x0000000000000688        0x0 /usr/lib/gcc/x86_64-linux-gnu/11/../../../x86_64-linux-gnu/Scrt1.o
 .rela.fini_array
                0x0000000000000688       0x18 /usr/lib/gcc/x86_64-linux-gnu/11/../../../x86_64-linux-gnu/Scrt1.o
 .rela.init_array
                0x00000000000006a0       0x18 /usr/lib/gcc/x86_64-linux-gnu/11/../../../x86_64-linux-gnu/Scrt1.o

.rela.plt       0x00000000000006b8       0x78
 *(.rela.plt)
 .rela.plt      0x00000000000006b8       0x78 /usr/lib/gcc/x86_64-linux-gnu/11/../../../x86_64-linux-gnu/Scrt1.o
 *(.rela.iplt)

.relr.dyn
 *(.relr.dyn)
                0x0000000000001000                . = ALIGN (CONSTANT (MAXPAGESIZE))

.init           0x0000000000001000       0x1b
 *(SORT_NONE(.init))
 .init          0x0000000000001000       0x16 /usr/lib/gcc/x86_64-linux-gnu/11/../../../x86_64-linux-gnu/crti.o
                0x0000000000001000                _init
 .init          0x0000000000001016        0x5 /usr/lib/gcc/x86_64-linux-gnu/11/../../../x86_64-linux-gnu/crtn.o

.plt            0x0000000000001020       0x60
 *(.plt)
 .plt           0x0000000000001020       0x60 /usr/lib/gcc/x86_64-linux-gnu/11/../../../x86_64-linux-gnu/Scrt1.o
 *(.iplt)

.plt.got        0x0000000000001080       0x10
 *(.plt.got)
 .plt.got       0x0000000000001080       0x10 /usr/lib/gcc/x86_64-linux-gnu/11/../../../x86_64-linux-gnu/Scrt1.o
                0x0000000000001080                __cxa_finalize@@GLIBC_2.2.5

.plt.sec        0x0000000000001090       0x50
 *(.plt.sec)
 .plt.sec       0x0000000000001090       0x50 /usr/lib/gcc/x86_64-linux-gnu/11/../../../x86_64-linux-gnu/Scrt1.o
                0x0000000000001090                free@@GLIBC_2.2.5
                0x00000000000010a0                puts@@GLIBC_2.2.5
                0x00000000000010b0                __stack_chk_fail@@GLIBC_2.4
                0x00000000000010c0                printf@@GLIBC_2.2.5
                0x00000000000010d0                malloc@@GLIBC_2.2.5

.text           0x00000000000010e0     0x128c
 *(.text.unlikely .text.*_unlikely .text.unlikely.*)
 *(.text.exit .text.exit.*)
 *(.text.startup .text.startup.*)
 *(.text.hot .text.hot.*)
 *(SORT_BY_NAME(.text.sorted.*))
 *(.text .stub .text.* .gnu.linkonce.t.*)
 .text          0x00000000000010e0       0x26 /usr/lib/gcc/x86_64-linux-gnu/11/../../../x86_64-linux-gnu/Scrt1.o
                0x00000000000010e0                _start
 .text          0x0000000000001106        0x0 /usr/lib/gcc/x86_64-linux-gnu/11/../../../x86_64-linux-gnu/crti.o
 *fill*         0x0000000000001106        0xa 
 .text          0x0000000000001110       0xb9 /usr/lib/gcc/x86_64-linux-gnu/11/crtbeginS.o
 .text          0x00000000000011c9       0x10 /tmp/ccWDIxYj.o
                0x00000000000011c9                main
 .text          0x00000000000011d9      0x3d1 /tmp/cczjkod5.o
                0x00000000000011d9                set_value
                0x0000000000001200                clear_value
                0x000000000000122c                get_value
                0x000000000000124a                set_all
                0x0000000000001290                clear_all
                0x00000000000012ba                my_memmove
                0x00000000000013eb                my_memcopy
                0x000000000000143b                my_memset
                0x0000000000001482                my_memzero
                0x00000000000014bf                my_reverse
                0x0000000000001554                reserve_words
                0x000000000000158b                free_words
 .text          0x00000000000015aa      0x194 /tmp/ccr7v4Q5.o
                0x00000000000015aa                my_itoa
                0x00000000000016ab                my_atoi
 .text          0x000000000000173e      0x370 /tmp/ccWsSeGg.o
                0x000000000000173e                print_statistics
                0x00000000000017d8                print_array
                0x00000000000017ea                find_median
                0x000000000000181b                find_mean
                0x00000000000018ea                find_maximum
                0x0000000000001946                find_minimum
                0x00000000000019a2                sort_array
 .text          0x0000000000001aae      0x8be /tmp/ccQ0qmKd.o
                0x0000000000001aae                test_data1
                0x0000000000001b49                test_data2
                0x0000000000001be4                test_memmove1
                0x0000000000001cda                test_memmove2
                0x0000000000001dd0                test_memmove3
                0x0000000000001ecb                test_memcopy
                0x0000000000001fc1                test_memset
                0x00000000000020ee                test_reverse
                0x0000000000002230                course1
 .text          0x000000000000236c        0x0 /usr/lib/gcc/x86_64-linux-gnu/11/crtendS.o
 .text          0x000000000000236c        0x0 /usr/lib/gcc/x86_64-linux-gnu/11/../../../x86_64-linux-gnu/crtn.o
 *(.gnu.warning)

.fini           0x000000000000236c        0xd
 *(SORT_NONE(.fini))
 .fini          0x000000000000236c        0x8 /usr/lib/gcc/x86_64-linux-gnu/11/../../../x86_64-linux-gnu/crti.o
                0x000000000000236c                _fini
 .fini          0x0000000000002374        0x5 /usr/lib/gcc/x86_64-linux-gnu/11/../../../x86_64-linux-gnu/crtn.o
                [!provide]                        PROVIDE (__etext = .)
                [!provide]                        PROVIDE (_etext = .)
                [!provide]                        PROVIDE (etext = .)
                0x0000000000003000                . = ALIGN (CONSTANT (MAXPAGESIZE))
                0x0000000000003000                . = SEGMENT_START ("rodata-segment", (ALIGN (CONSTANT (MAXPAGESIZE)) + (. & (CONSTANT (MAXPAGESIZE) - 0x1))))

.rodata         0x0000000000003000      0x195
 *(.rodata .rodata.* .gnu.linkonce.r.*)
 .rodata.cst4   0x0000000000003000        0x4 /usr/lib/gcc/x86_64-linux-gnu/11/../../../x86_64-linux-gnu/Scrt1.o
                0x0000000000003000                _IO_stdin_used
 .rodata        0x0000000000003004       0x57 /tmp/ccWsSeGg.o
 *fill*         0x000000000000305b        0x5 
 .rodata        0x0000000000003060      0x135 /tmp/ccQ0qmKd.o

.rodata1
 *(.rodata1)

.eh_frame_hdr   0x0000000000003198      0x124
 *(.eh_frame_hdr)
 .eh_frame_hdr  0x0000000000003198      0x124 /usr/lib/gcc/x86_64-linux-gnu/11/../../../x86_64-linux-gnu/Scrt1.o
                0x0000000000003198                __GNU_EH_FRAME_HDR
 *(.eh_frame_entry .eh_frame_entry.*)

.eh_frame       0x00000000000032c0      0x474
 *(.eh_frame)
 .eh_frame      0x00000000000032c0       0x30 /usr/lib/gcc/x86_64-linux-gnu/11/../../../x86_64-linux-gnu/Scrt1.o
                                         0x2c (size before relaxing)
 *fill*         0x00000000000032f0        0x0 
 .eh_frame      0x00000000000032f0       0x28 /usr/lib/gcc/x86_64-linux-gnu/11/../../../x86_64-linux-gnu/Scrt1.o
                                         0x40 (size before relaxing)
 .eh_frame      0x0000000000003318       0x18 /usr/lib/gcc/x86_64-linux-gnu/11/../../../x86_64-linux-gnu/Scrt1.o
                                         0x30 (size before relaxing)
 .eh_frame      0x0000000000003330       0x18 /usr/lib/gcc/x86_64-linux-gnu/11/../../../x86_64-linux-gnu/Scrt1.o
                                         0x30 (size before relaxing)
 .eh_frame      0x0000000000003348       0x20 /tmp/ccWDIxYj.o
                                         0x38 (size before relaxing)
 .eh_frame      0x0000000000003368      0x188 /tmp/cczjkod5.o
                                        0x1a0 (size before relaxing)
 .eh_frame      0x00000000000034f0       0x40 /tmp/ccr7v4Q5.o
                                         0x58 (size before relaxing)
 .eh_frame      0x0000000000003530       0xe0 /tmp/ccWsSeGg.o
                                         0xf8 (size before relaxing)
 .eh_frame      0x0000000000003610      0x120 /tmp/ccQ0qmKd.o
                                        0x138 (size before relaxing)
 .eh_frame      0x0000000000003730        0x4 /usr/lib/gcc/x86_64-linux-gnu/11/crtendS.o
 *(.eh_frame.*)

.gcc_except_table
 *(.gcc_except_table .gcc_except_table.*)

.gnu_extab
 *(.gnu_extab*)

.exception_ranges
 *(.exception_ranges*)
                0x0000000000004d98                . = DATA_SEGMENT_ALIGN (CONSTANT (MAXPAGESIZE), CONSTANT (COMMONPAGESIZE))

.eh_frame
 *(.eh_frame)
 *(.eh_frame.*)

.gnu_extab
 *(.gnu_extab)

.gcc_except_table
 *(.gcc_except_table .gcc_except_table.*)

.exception_ranges
 *(.exception_ranges*)

.tdata          0x0000000000004d98        0x0
                [!provide]                        PROVIDE (__tdata_start = .)
 *(.tdata .tdata.* .gnu.linkonce.td.*)

.tbss
 *(.tbss .tbss.* .gnu.linkonce.tb.*)
 *(.tcommon)

.preinit_array  0x0000000000004d98        0x0
                [!provide]                        PROVIDE (__preinit_array_start = .)
 *(.preinit_array)
                [!provide]                        PROVIDE (__preinit_array_end = .)

.init_array     0x0000000000004d98        0x8
                [!provide]                        PROVIDE (__init_array_start = .)
 *(SORT_BY_INIT_PRIORITY(.init_array.*) SORT_BY_INIT_PRIORITY(.ctors.*))
 *(.init_array EXCLUDE_FILE(*crtend?.o *crtend.o *crtbegin?.o *crtbegin.o) .ctors)
 .init_array    0x0000000000004d98        0x8 /usr/lib/gcc/x86_64-linux-gnu/11/crtbeginS.o
                [!provide]                        PROVIDE (__init_array_end = .)

.fini_array     0x0000000000004da0        0x8
                [!provide]                        PROVIDE (__fini_array_start = .)
 *(SORT_BY_INIT_PRIORITY(.fini_array.*) SORT_BY_INIT_PRIORITY(.dtors.*))
 *(.fini_array EXCLUDE_FILE(*crtend?.o *crtend.o *crtbegin?.o *crtbegin.o) .dtors)
 .fini_array    0x0000000000004da0        0x8 /usr/lib/gcc/x86_64-linux-gnu/11/crtbeginS.o
                [!provide]                        PROVIDE (__fini_array_end = .)

.ctors
 *crtbegin.o(.ctors)
 *crtbegin?.o(.ctors)
 *(EXCLUDE_FILE(*crtend?.o *crtend.o) .ctors)
 *(SORT_BY_NAME(.ctors.*))
 *(.ctors)

.dtors
 *crtbegin.o(.dtors)
 *crtbegin?.o(.dtors)
 *(EXCLUDE_FILE(*crtend?.o *crtend.o) .dtors)
 *(SORT_BY_NAME(.dtors.*))
 *(.dtors)

.jcr
 *(.jcr)

.data.rel.ro    0x0000000000004da8        0x0
 *(.data.rel.ro.local* .gnu.linkonce.d.rel.ro.local.*)
 *(.data.rel.ro .data.rel.ro.* .gnu.linkonce.d.rel.ro.*)
 .data.rel.ro   0x0000000000004da8        0x0 /usr/lib/gcc/x86_64-linux-gnu/11/../../../x86_64-linux-gnu/Scrt1.o

.dynamic        0x0000000000004da8      0x1f0
 *(.dynamic)
 .dynamic       0x0000000000004da8      0x1f0 /usr/lib/gcc/x86_64-linux-gnu/11/../../../x86_64-linux-gnu/Scrt1.o
                0x0000000000004da8                _DYNAMIC

.got            0x0000000000004f98       0x68
 *(.got.plt)
 .got.plt       0x0000000000004f98       0x40 /usr/lib/gcc/x86_64-linux-gnu/11/../../../x86_64-linux-gnu/Scrt1.o
                0x0000000000004f98                _GLOBAL_OFFSET_TABLE_
 *(.igot.plt)
 *(.got)
 .got           0x0000000000004fd8       0x28 /usr/lib/gcc/x86_64-linux-gnu/11/../../../x86_64-linux-gnu/Scrt1.o
 *(.igot)
                0x0000000000005000                . = DATA_SEGMENT_RELRO_END (., 0x0)

.data           0x0000000000005000       0x10
 *(.data .data.* .gnu.linkonce.d.*)
 .data          0x0000000000005000        0x4 /usr/lib/gcc/x86_64-linux-gnu/11/../../../x86_64-linux-gnu/Scrt1.o
                0x0000000000005000                data_start
                0x0000000000005000                __data_start
 .data          0x0000000000005004        0x0 /usr/lib/gcc/x86_64-linux-gnu/11/../../../x86_64-linux-gnu/crti.o
 .data          0x0000000000005004        0x0 /usr/lib/gcc/x86_64-linux-gnu/11/crtbeginS.o
 *fill*         0x0000000000005004        0x4 
 .data.rel.local
                0x0000000000005008        0x8 /usr/lib/gcc/x86_64-linux-gnu/11/crtbeginS.o
                0x0000000000005008                __dso_handle
 .data          0x0000000000005010        0x0 /tmp/ccWDIxYj.o
 .data          0x0000000000005010        0x0 /tmp/cczjkod5.o
 .data          0x0000000000005010        0x0 /tmp/ccr7v4Q5.o
 .data          0x0000000000005010        0x0 /tmp/ccWsSeGg.o
 .data          0x0000000000005010        0x0 /tmp/ccQ0qmKd.o
 .data          0x0000000000005010        0x0 /usr/lib/gcc/x86_64-linux-gnu/11/crtendS.o
 .data          0x0000000000005010        0x0 /usr/lib/gcc/x86_64-linux-gnu/11/../../../x86_64-linux-gnu/crtn.o

.tm_clone_table
                0x0000000000005010        0x0
 .tm_clone_table
                0x0000000000005010        0x0 /usr/lib/gcc/x86_64-linux-gnu/11/crtbeginS.o
 .tm_clone_table
                0x0000000000005010        0x0 /usr/lib/gcc/x86_64-linux-gnu/11/crtendS.o

.data1
 *(.data1)
                0x0000000000005010                _edata = .
                [!provide]                        PROVIDE (edata = .)
                0x0000000000005010                . = .
                0x0000000000005010                __bss_start = .

.bss            0x0000000000005010        0x8
 *(.dynbss)
 .dynbss        0x0000000000005010        0x0 /usr/lib/gcc/x86_64-linux-gnu/11/../../../x86_64-linux-gnu/Scrt1.o
 *(.bss .bss.* .gnu.linkonce.b.*)
 .bss           0x0000000000005010        0x0 /usr/lib/gcc/x86_64-linux-gnu/11/../../../x86_64-linux-gnu/Scrt1.o
 .bss           0x0000000000005010        0x0 /usr/lib/gcc/x86_64-linux-gnu/11/../../../x86_64-linux-gnu/crti.o
 .bss           0x0000000000005010        0x1 /usr/lib/gcc/x86_64-linux-gnu/11/crtbeginS.o
 .bss           0x0000000000005011        0x0 /tmp/ccWDIxYj.o
 .bss           0x0000000000005011        0x0 /tmp/cczjkod5.o
 .bss           0x0000000000005011        0x0 /tmp/ccr7v4Q5.o
 .bss           0x0000000000005011        0x0 /tmp/ccWsSeGg.o
 .bss           0x0000000000005011        0x0 /tmp/ccQ0qmKd.o
 .bss           0x0000000000005011        0x0 /usr/lib/gcc/x86_64-linux-gnu/11/crtendS.o
 .bss           0x0000000000005011        0x0 /usr/lib/gcc/x86_64-linux-gnu/11/../../../x86_64-linux-gnu/crtn.o
 *(COMMON)
                0x0000000000005018                . = ALIGN ((. != 0x0)?0x8:0x1)
 *fill*         0x0000000000005011        0x7 

.lbss
 *(.dynlbss)
 *(.lbss .lbss.* .gnu.linkonce.lb.*)
 *(LARGE_COMMON)
                0x0000000000005018                . = ALIGN (0x8)
                0x0000000000005018                . = SEGMENT_START ("ldata-segment", .)

.lrodata
 *(.lrodata .lrodata.* .gnu.linkonce.lr.*)

.ldata          0x0000000000007018        0x0
 *(.ldata .ldata.* .gnu.linkonce.l.*)
                0x0000000000007018                . = ALIGN ((. != 0x0)?0x8:0x1)
                0x0000000000007018                . = ALIGN (0x8)
                0x0000000000005018                _end = .
                [!provide]                        PROVIDE (end = .)
                0x0000000000007018                . = DATA_SEGMENT_END (.)

.stab
 *(.stab)

.stabstr
 *(.stabstr)

.stab.excl
 *(.stab.excl)

.stab.exclstr
 *(.stab.exclstr)

.stab.index
 *(.stab.index)

.stab.indexstr
 *(.stab.indexstr)

.comment        0x0000000000000000       0x2b
 *(.comment)
 .comment       0x0000000000000000       0x2b /usr/lib/gcc/x86_64-linux-gnu/11/crtbeginS.o
                                         0x2c (size before relaxing)
 .comment       0x000000000000002b       0x2c /tmp/ccWDIxYj.o
 .comment       0x000000000000002b       0x2c /tmp/cczjkod5.o
 .comment       0x000000000000002b       0x2c /tmp/ccr7v4Q5.o
 .comment       0x000000000000002b       0x2c /tmp/ccWsSeGg.o
 .comment       0x000000000000002b       0x2c /tmp/ccQ0qmKd.o
 .comment       0x000000000000002b       0x2c /usr/lib/gcc/x86_64-linux-gnu/11/crtendS.o

.gnu.build.attributes
 *(.gnu.build.attributes .gnu.build.attributes.*)

.debug
 *(.debug)

.line
 *(.line)

.debug_srcinfo
 *(.debug_srcinfo)

.debug_sfnames
 *(.debug_sfnames)

.debug_aranges  0x0000000000000000       0xf0
 *(.debug_aranges)
 .debug_aranges
                0x0000000000000000       0x30 /tmp/ccWDIxYj.o
 .debug_aranges
                0x0000000000000030       0x30 /tmp/cczjkod5.o
 .debug_aranges
                0x0000000000000060       0x30 /tmp/ccr7v4Q5.o
 .debug_aranges
                0x0000000000000090       0x30 /tmp/ccWsSeGg.o
 .debug_aranges
                0x00000000000000c0       0x30 /tmp/ccQ0qmKd.o

.debug_pubnames
 *(.debug_pubnames)

.debug_info     0x0000000000000000      0xfe3
 *(.debug_info .gnu.linkonce.wi.*)
 .debug_info    0x0000000000000000       0xa5 /tmp/ccWDIxYj.o
 .debug_info    0x00000000000000a5      0x48e /tmp/cczjkod5.o
 .debug_info    0x0000000000000533      0x1bb /tmp/ccr7v4Q5.o
 .debug_info    0x00000000000006ee      0x330 /tmp/ccWsSeGg.o
 .debug_info    0x0000000000000a1e      0x5c5 /tmp/ccQ0qmKd.o

.debug_abbrev   0x0000000000000000      0x502
 *(.debug_abbrev)
 .debug_abbrev  0x0000000000000000       0x56 /tmp/ccWDIxYj.o
 .debug_abbrev  0x0000000000000056      0x152 /tmp/cczjkod5.o
 .debug_abbrev  0x00000000000001a8       0xea /tmp/ccr7v4Q5.o
 .debug_abbrev  0x0000000000000292      0x110 /tmp/ccWsSeGg.o
 .debug_abbrev  0x00000000000003a2      0x160 /tmp/ccQ0qmKd.o

.debug_line     0x0000000000000000      0x8a6
 *(.debug_line .debug_line.* .debug_line_end)
 .debug_line    0x0000000000000000       0x5e /tmp/ccWDIxYj.o
 .debug_line    0x000000000000005e      0x1dd /tmp/cczjkod5.o
 .debug_line    0x000000000000023b      0x131 /tmp/ccr7v4Q5.o
 .debug_line    0x000000000000036c      0x192 /tmp/ccWsSeGg.o
 .debug_line    0x00000000000004fe      0x3a8 /tmp/ccQ0qmKd.o

.debug_frame
 *(.debug_frame)

.debug_str      0x0000000000000000      0x35d
 *(.debug_str)
 .debug_str     0x0000000000000000      0x100 /tmp/ccWDIxYj.o
                                        0x127 (size before relaxing)
 .debug_str     0x0000000000000100       0xf5 /tmp/cczjkod5.o
                                        0x1e5 (size before relaxing)
 .debug_str     0x00000000000001f5       0x51 /tmp/ccr7v4Q5.o
                                        0x182 (size before relaxing)
 .debug_str     0x0000000000000246       0x70 /tmp/ccWsSeGg.o
                                        0x1aa (size before relaxing)
 .debug_str     0x00000000000002b6       0xa7 /tmp/ccQ0qmKd.o
                                        0x280 (size before relaxing)

.debug_loc
 *(.debug_loc)

.debug_macinfo
 *(.debug_macinfo)

.debug_weaknames
 *(.debug_weaknames)

.debug_funcnames
 *(.debug_funcnames)

.debug_typenames
 *(.debug_typenames)

.debug_varnames
 *(.debug_varnames)

.debug_pubtypes
 *(.debug_pubtypes)

.debug_ranges
 *(.debug_ranges)

.debug_addr
 *(.debug_addr)

.debug_line_str
                0x0000000000000000      0x164
 *(.debug_line_str)
 .debug_line_str
                0x0000000000000000       0x82 /tmp/ccWDIxYj.o
                                         0xe3 (size before relaxing)
 .debug_line_str
                0x0000000000000082       0x5e /tmp/cczjkod5.o
                                        0x130 (size before relaxing)
 .debug_line_str
                0x00000000000000e0        0xb /tmp/ccr7v4Q5.o
                                         0xe2 (size before relaxing)
 .debug_line_str
                0x00000000000000eb       0x14 /tmp/ccWsSeGg.o
                                         0xdb (size before relaxing)
 .debug_line_str
                0x00000000000000ff       0x65 /tmp/ccQ0qmKd.o
                                        0x157 (size before relaxing)

.debug_loclists
 *(.debug_loclists)

.debug_macro
 *(.debug_macro)

.debug_names
 *(.debug_names)

.debug_rnglists
 *(.debug_rnglists)

.debug_str_offsets
 *(.debug_str_offsets)

.debug_sup
 *(.debug_sup)

.gnu.attributes
 *(.gnu.attributes)

/DISCARD/
 *(.note.GNU-stack)
 *(.gnu_debuglink)
 *(.gnu.lto_*)
OUTPUT(course1.out elf64-x86-64)
